// Jest Snapshot v1, https://goo.gl/fbAQLP

exports[`Testing status icon function getIconForStatus returns correct icons 1`] = `
<div>
  <svg
    fill="none"
    height="1em"
    stroke="currentColor"
    stroke-linecap="round"
    stroke-linejoin="round"
    stroke-width="2"
    viewBox="0 0 24 24"
    width="1em"
    xmlns="http://www.w3.org/2000/svg"
  >
    <path
      d="M0 0h24v24H0z"
      fill="none"
      stroke="none"
    />
    <path
      d="M2 3h1a2 2 0 0 1 2 2v10a2 2 0 0 0 2 2h15"
    />
    <path
      d="M9 6m0 3a3 3 0 0 1 3 -3h4a3 3 0 0 1 3 3v2a3 3 0 0 1 -3 3h-4a3 3 0 0 1 -3 -3z"
    />
    <path
      d="M9 19m-2 0a2 2 0 1 0 4 0a2 2 0 1 0 -4 0"
    />
    <path
      d="M18 19m-2 0a2 2 0 1 0 4 0a2 2 0 1 0 -4 0"
    />
  </svg>
</div>
`;
